******************************************************************************
                  TI ARM Linker PC v16.9.6                     
******************************************************************************
>> Linked Sat May 19 02:31:14 2018

OUTPUT FILE NAME:   <project0.out>
ENTRY POINT SYMBOL: "_c_int00"  address: 00000999


MEMORY CONFIGURATION

         name            origin    length      used     unused   attr    fill
----------------------  --------  ---------  --------  --------  ----  --------
  FLASH                 00000000   00100000  00001280  000fed80  R  X
  SRAM                  20000000   00040000  00000394  0003fc6c  RW X


SEGMENT ALLOCATION MAP

run origin  load origin   length   init length attrs members
----------  ----------- ---------- ----------- ----- -------
00000000    00000000    00001280   00001280    r-x
  00000000    00000000    00000200   00000200    r-- .intvecs
  00000200    00000200    00000b44   00000b44    r-x .text
  00000d44    00000d44    000004ec   000004ec    r-- .const
  00001230    00001230    00000050   00000050    r-- .cinit
20000000    20000000    00000394   00000000    rw-
  20000000    20000000    0000026c   00000000    rw- .vtable
  2000026c    2000026c    00000100   00000000    rw- .stack
  2000036c    2000036c    00000024   00000000    rw- .data
  20000390    20000390    00000004   00000000    rw- .bss


SECTION ALLOCATION MAP

 output                                  attributes/
section   page    origin      length       input sections
--------  ----  ----------  ----------   ----------------
.intvecs   0    00000000    00000200     
                  00000000    00000200     startup_ccs.obj (.intvecs)

.text      0    00000200    00000b44     
                  00000200    00000200     driverlib.lib : sysctl.obj (.text:SysCtlClockFreqSet)
                  00000400    00000158     project0.obj (.text:main)
                  00000558    00000132     driverlib.lib : gpio.obj (.text:GPIOPadConfigSet)
                  0000068a    0000009c     rtsv7M4_T_le_v4SPD16_eabi.lib : memcpy_t2.obj (.text)
                  00000726    0000007a                                   : memset_t2.obj (.text)
                  000007a0    00000070                                   : autoinit.obj (.text)
                  00000810    00000068     driverlib.lib : interrupt.obj (.text:IntEnable)
                  00000878    00000068     rtsv7M4_T_le_v4SPD16_eabi.lib : copy_decompress_lzss.obj (.text:decompress:lzss)
                  000008e0    00000060     driverlib.lib : timer.obj (.text:TimerConfigure)
                  00000940    00000056                   : gpio.obj (.text:GPIOIntTypeSet)
                  00000996    00000002     startup_ccs.obj (.text:FaultISR)
                  00000998    00000054     rtsv7M4_T_le_v4SPD16_eabi.lib : boot.obj (.text)
                  000009ec    00000054                                   : exit.obj (.text)
                  00000a40    0000004c                                   : cpy_tbl.obj (.text)
                  00000a8c    00000048     driverlib.lib : gpio.obj (.text:GPIOPinConfigure)
                  00000ad4    00000048                   : sysctl.obj (.text:_SysCtlFrequencyGet)
                  00000b1c    00000044                   : gpio.obj (.text:_GPIOIntNumberGet)
                  00000b60    00000038                   : sysctl.obj (.text:SysCtlPeripheralReady)
                  00000b98    00000034                   : interrupt.obj (.text:IntRegister)
                  00000bcc    00000034                   : sysctl.obj (.text:SysCtlPeripheralEnable)
                  00000c00    0000002a                   : gpio.obj (.text:GPIODirModeSet)
                  00000c2a    00000002     startup_ccs.obj (.text:IntDefaultHandler)
                  00000c2c    00000020     driverlib.lib : sysctl.obj (.text:_SysCtlMemTimingGet)
                  00000c4c    00000018                   : gpio.obj (.text:GPIOIntRegister)
                  00000c64    00000018     project0.obj (.text:freq_enc)
                  00000c7c    00000018     rtsv7M4_T_le_v4SPD16_eabi.lib : args_main.obj (.text)
                  00000c94    00000014                                   : _lock.obj (.text)
                  00000ca8    00000012     driverlib.lib : gpio.obj (.text:GPIOPinTypeGPIOInput)
                  00000cba    00000012                   : gpio.obj (.text:GPIOPinTypePWM)
                  00000ccc    00000012                   : timer.obj (.text:TimerLoadSet)
                  00000cde    00000012                   : timer.obj (.text:TimerMatchSet)
                  00000cf0    0000000e                   : timer.obj (.text:TimerEnable)
                  00000cfe    0000000e     rtsv7M4_T_le_v4SPD16_eabi.lib : copy_decompress_none.obj (.text:decompress:none)
                  00000d0c    0000000c     driverlib.lib : gpio.obj (.text:GPIOIntEnable)
                  00000d18    0000000c     rtsv7M4_T_le_v4SPD16_eabi.lib : copy_zero_init.obj (.text:decompress:ZI)
                  00000d24    00000006     driverlib.lib : gpio.obj (.text:GPIOIntClear)
                  00000d2a    00000006     startup_ccs.obj (.text:ResetISR)
                  00000d30    00000006     driverlib.lib : timer.obj (.text:TimerClockSourceSet)
                  00000d36    00000004                   : timer.obj (.text:TimerSynchronize)
                  00000d3a    00000004     rtsv7M4_T_le_v4SPD16_eabi.lib : pre_init.obj (.text)
                  00000d3e    00000002     startup_ccs.obj (.text:NmiSR)
                  00000d40    00000002     rtsv7M4_T_le_v4SPD16_eabi.lib : mpu_init.obj (.text)
                  00000d42    00000002                                   : startup.obj (.text)

.const     0    00000d44    000004ec     
                  00000d44    000001b0     driverlib.lib : sysctl.obj (.const:g_pppui32XTALtoVCO)
                  00000ef4    000000d8                   : gpio.obj (.const:g_ppui32GPIOIntMapSnowflake)
                  00000fcc    000000c0                   : gpio.obj (.const:g_ppui32GPIOIntMapBlizzard)
                  0000108c    00000090                   : gpio.obj (.const:g_pui32GPIOBaseAddrs)
                  0000111c    00000070                   : interrupt.obj (.const)
                  0000118c    0000006c                   : sysctl.obj (.const:g_pui32Xtals)
                  000011f8    00000030                   : sysctl.obj (.const:g_sXTALtoMEMTIM)
                  00001228    00000008                   : sysctl.obj (.const)

.cinit     0    00001230    00000050     
                  00001230    00000019     (.cinit..data.load) [load image, compression = lzss]
                  00001249    00000003     --HOLE-- [fill = 0]
                  0000124c    0000000c     (__TI_handler_table)
                  00001258    00000008     (.cinit..bss.load) [load image, compression = zero_init]
                  00001260    00000008     (.cinit..vtable.load) [load image, compression = zero_init]
                  00001268    00000018     (__TI_cinit_table)

.init_array 
*          0    00000000    00000000     UNINITIALIZED

.vtable    0    20000000    0000026c     UNINITIALIZED
                  20000000    0000026c     driverlib.lib : interrupt.obj (.vtable)

.stack     0    2000026c    00000100     UNINITIALIZED
                  2000026c    00000100     --HOLE--

.data      0    2000036c    00000024     UNINITIALIZED
                  2000036c    0000000c     rtsv7M4_T_le_v4SPD16_eabi.lib : exit.obj (.data:$O1$$)
                  20000378    0000000c     project0.obj (.data)
                  20000384    00000008     rtsv7M4_T_le_v4SPD16_eabi.lib : _lock.obj (.data:$O1$$)
                  2000038c    00000004                                   : stkdepth_vars.obj (.data)

.bss       0    20000390    00000004     UNINITIALIZED
                  20000390    00000004     (.common:g_ui32SysClock)

MODULE SUMMARY

       Module                     code   ro data   rw data
       ------                     ----   -------   -------
    .\
       startup_ccs.obj            12     512       0      
       project0.obj               368    0         16     
    +--+--------------------------+------+---------+---------+
       Total:                     380    512       16     
                                                          
    C:/ti/TivaWare_C_Series-2.1.4.178/driverlib/ccs/Debug/driverlib.lib
       sysctl.obj                 724    596       0      
       gpio.obj                   652    552       0      
       interrupt.obj              156    112       620    
       timer.obj                  156    0         0      
    +--+--------------------------+------+---------+---------+
       Total:                     1688   1260      620    
                                                          
    C:\ti\ccsv7\tools\compiler\ti-cgt-arm_16.9.6.LTS\lib\rtsv7M4_T_le_v4SPD16_eabi.lib
       memcpy_t2.obj              156    0         0      
       memset_t2.obj              122    0         0      
       autoinit.obj               112    0         0      
       copy_decompress_lzss.obj   104    0         0      
       exit.obj                   84     0         12     
       boot.obj                   84     0         0      
       cpy_tbl.obj                76     0         0      
       _lock.obj                  20     0         8      
       args_main.obj              24     0         0      
       copy_decompress_none.obj   14     0         0      
       copy_zero_init.obj         12     0         0      
       pre_init.obj               4      0         0      
       stkdepth_vars.obj          0      0         4      
       mpu_init.obj               2      0         0      
       startup.obj                2      0         0      
    +--+--------------------------+------+---------+---------+
       Total:                     816    0         24     
                                                          
       Stack:                     0      0         256    
       Linker Generated:          0      77        0      
    +--+--------------------------+------+---------+---------+
       Grand Total:               2884   1849      916    


LINKER GENERATED COPY TABLES

__TI_cinit_table @ 00001268 records: 3, size/record: 8, table size: 24
	.data: load addr=00001230, load size=00000019 bytes, run addr=2000036c, run size=00000024 bytes, compression=lzss
	.bss: load addr=00001258, load size=00000008 bytes, run addr=20000390, run size=00000004 bytes, compression=zero_init
	.vtable: load addr=00001260, load size=00000008 bytes, run addr=20000000, run size=0000026c bytes, compression=zero_init


LINKER GENERATED HANDLER TABLE

__TI_handler_table @ 0000124c records: 3, size/record: 4, table size: 12
	index: 0, handler: __TI_zero_init
	index: 1, handler: __TI_decompress_lzss
	index: 2, handler: __TI_decompress_none


GLOBAL SYMBOLS: SORTED ALPHABETICALLY BY Name 

address   name                           
-------   ----                           
000009ed  C$$EXIT                        
00000c01  GPIODirModeSet                 
00000d25  GPIOIntClear                   
00000d0d  GPIOIntEnable                  
00000c4d  GPIOIntRegister                
00000941  GPIOIntTypeSet                 
00000559  GPIOPadConfigSet               
00000a8d  GPIOPinConfigure               
00000ca9  GPIOPinTypeGPIOInput           
00000cbb  GPIOPinTypePWM                 
00000811  IntEnable                      
00000b99  IntRegister                    
00000d2b  ResetISR                       
UNDEFED   SHT$$INIT_ARRAY$$Base          
UNDEFED   SHT$$INIT_ARRAY$$Limit         
00000201  SysCtlClockFreqSet             
00000bcd  SysCtlPeripheralEnable         
00000b61  SysCtlPeripheralReady          
00000d31  TimerClockSourceSet            
000008e1  TimerConfigure                 
00000cf1  TimerEnable                    
00000ccd  TimerLoadSet                   
00000cdf  TimerMatchSet                  
00000d37  TimerSynchronize               
2000036c  __STACK_END                    
00000100  __STACK_SIZE                   
2000036c  __STACK_TOP                    
00001268  __TI_CINIT_Base                
00001280  __TI_CINIT_Limit               
0000124c  __TI_Handler_Table_Base        
00001258  __TI_Handler_Table_Limit       
000007a1  __TI_auto_init                 
2000036c  __TI_cleanup_ptr               
00000879  __TI_decompress_lzss           
00000cff  __TI_decompress_none           
20000370  __TI_dtors_ptr                 
20000374  __TI_enable_exit_profile_output
ffffffff  __TI_pprof_out_hndl            
ffffffff  __TI_prof_data_size            
ffffffff  __TI_prof_data_start           
00000000  __TI_static_base__             
00000d19  __TI_zero_init                 
00000727  __aeabi_memclr                 
00000727  __aeabi_memclr4                
00000727  __aeabi_memclr8                
0000068b  __aeabi_memcpy                 
0000068b  __aeabi_memcpy4                
0000068b  __aeabi_memcpy8                
00000729  __aeabi_memset                 
00000729  __aeabi_memset4                
00000729  __aeabi_memset8                
ffffffff  __binit__                      
ffffffff  __c_args__                     
00000d41  __mpu_init                     
2000026c  __stack                        
00000c7d  _args_main                     
00000999  _c_int00                       
20000384  _lock                          
00000ca3  _nop                           
00000c9b  _register_lock                 
00000c95  _register_unlock               
00000d43  _system_post_cinit             
00000d3b  _system_pre_init               
20000388  _unlock                        
000009f1  abort                          
ffffffff  binit                          
00000a41  copy_in                        
20000380  count                          
2000037c  duty_c_dir                     
20000378  duty_c_esq                     
000009f9  exit                           
00000c65  freq_enc                       
20000000  g_pfnRAMVectors                
00000000  g_pfnVectors                   
20000390  g_ui32SysClock                 
00000401  main                           
2000038c  main_func_sp                   
0000068b  memcpy                         
0000072f  memset                         


GLOBAL SYMBOLS: SORTED BY Symbol Address 

address   name                           
-------   ----                           
00000000  __TI_static_base__             
00000000  g_pfnVectors                   
00000100  __STACK_SIZE                   
00000201  SysCtlClockFreqSet             
00000401  main                           
00000559  GPIOPadConfigSet               
0000068b  __aeabi_memcpy                 
0000068b  __aeabi_memcpy4                
0000068b  __aeabi_memcpy8                
0000068b  memcpy                         
00000727  __aeabi_memclr                 
00000727  __aeabi_memclr4                
00000727  __aeabi_memclr8                
00000729  __aeabi_memset                 
00000729  __aeabi_memset4                
00000729  __aeabi_memset8                
0000072f  memset                         
000007a1  __TI_auto_init                 
00000811  IntEnable                      
00000879  __TI_decompress_lzss           
000008e1  TimerConfigure                 
00000941  GPIOIntTypeSet                 
00000999  _c_int00                       
000009ed  C$$EXIT                        
000009f1  abort                          
000009f9  exit                           
00000a41  copy_in                        
00000a8d  GPIOPinConfigure               
00000b61  SysCtlPeripheralReady          
00000b99  IntRegister                    
00000bcd  SysCtlPeripheralEnable         
00000c01  GPIODirModeSet                 
00000c4d  GPIOIntRegister                
00000c65  freq_enc                       
00000c7d  _args_main                     
00000c95  _register_unlock               
00000c9b  _register_lock                 
00000ca3  _nop                           
00000ca9  GPIOPinTypeGPIOInput           
00000cbb  GPIOPinTypePWM                 
00000ccd  TimerLoadSet                   
00000cdf  TimerMatchSet                  
00000cf1  TimerEnable                    
00000cff  __TI_decompress_none           
00000d0d  GPIOIntEnable                  
00000d19  __TI_zero_init                 
00000d25  GPIOIntClear                   
00000d2b  ResetISR                       
00000d31  TimerClockSourceSet            
00000d37  TimerSynchronize               
00000d3b  _system_pre_init               
00000d41  __mpu_init                     
00000d43  _system_post_cinit             
0000124c  __TI_Handler_Table_Base        
00001258  __TI_Handler_Table_Limit       
00001268  __TI_CINIT_Base                
00001280  __TI_CINIT_Limit               
20000000  g_pfnRAMVectors                
2000026c  __stack                        
2000036c  __STACK_END                    
2000036c  __STACK_TOP                    
2000036c  __TI_cleanup_ptr               
20000370  __TI_dtors_ptr                 
20000374  __TI_enable_exit_profile_output
20000378  duty_c_esq                     
2000037c  duty_c_dir                     
20000380  count                          
20000384  _lock                          
20000388  _unlock                        
2000038c  main_func_sp                   
20000390  g_ui32SysClock                 
ffffffff  __TI_pprof_out_hndl            
ffffffff  __TI_prof_data_size            
ffffffff  __TI_prof_data_start           
ffffffff  __binit__                      
ffffffff  __c_args__                     
ffffffff  binit                          
UNDEFED   SHT$$INIT_ARRAY$$Base          
UNDEFED   SHT$$INIT_ARRAY$$Limit         

[79 symbols]
