******************************************************************************
                  TI ARM Linker PC v16.9.6                     
******************************************************************************
>> Linked Tue Apr 24 16:50:11 2018

OUTPUT FILE NAME:   <project0.out>
ENTRY POINT SYMBOL: "_c_int00"  address: 00000c9d


MEMORY CONFIGURATION

         name            origin    length      used     unused   attr    fill
----------------------  --------  ---------  --------  --------  ----  --------
  FLASH                 00000000   00100000  000014e4  000feb1c  R  X
  SRAM                  20000000   00040000  000003b4  0003fc4c  RW X


SEGMENT ALLOCATION MAP

run origin  load origin   length   init length attrs members
----------  ----------- ---------- ----------- ----- -------
00000000    00000000    000014e8   000014e8    r-x
  00000000    00000000    00000200   00000200    r-- .intvecs
  00000200    00000200    00000f40   00000f40    r-x .text
  00001140    00001140    00000354   00000354    r-- .const
  00001498    00001498    00000050   00000050    r-- .cinit
20000000    20000000    000003b4   00000000    rw-
  20000000    20000000    0000026c   00000000    rw- .vtable
  2000026c    2000026c    00000100   00000000    rw- .stack
  2000036c    2000036c    00000024   00000000    rw- .bss
  20000390    20000390    00000024   00000000    rw- .data


SECTION ALLOCATION MAP

 output                                  attributes/
section   page    origin      length       input sections
--------  ----  ----------  ----------   ----------------
.intvecs   0    00000000    00000200     
                  00000000    00000200     startup_ccs.obj (.intvecs)

.text      0    00000200    00000f40     
                  00000200    00000200     driverlib.lib : sysctl.obj (.text:SysCtlClockFreqSet)
                  00000400    00000136     rtsv7M4_T_le_v4SPD16_eabi.lib : fd_div_t2.obj (.text)
                  00000536    00000132     driverlib.lib : gpio.obj (.text:GPIOPadConfigSet)
                  00000668    00000124     project0.obj (.text:main)
                  0000078c    000000fc     rtsv7M4_T_le_v4SPD16_eabi.lib : fd_mul_t2.obj (.text)
                  00000888    0000009c                                   : memcpy_t2.obj (.text)
                  00000924    0000008c     project0.obj (.text:call_adc)
                  000009b0    0000007a     driverlib.lib : adc.obj (.text:ADCSequenceStepConfigure)
                  00000a2a    0000007a     rtsv7M4_T_le_v4SPD16_eabi.lib : memset_t2.obj (.text)
                  00000aa4    00000070                                   : autoinit.obj (.text)
                  00000b14    00000068     driverlib.lib : interrupt.obj (.text:IntEnable)
                  00000b7c    00000068     rtsv7M4_T_le_v4SPD16_eabi.lib : copy_decompress_lzss.obj (.text:decompress:lzss)
                  00000be4    00000060     driverlib.lib : timer.obj (.text:TimerConfigure)
                  00000c44    00000058                   : timer.obj (.text:TimerControlTrigger)
                  00000c9c    00000054     rtsv7M4_T_le_v4SPD16_eabi.lib : boot.obj (.text)
                  00000cf0    00000054                                   : exit.obj (.text)
                  00000d44    00000050     driverlib.lib : adc.obj (.text:ADCSequenceConfigure)
                  00000d94    00000050                   : adc.obj (.text:_ADCIntNumberGet)
                  00000de4    0000004c     rtsv7M4_T_le_v4SPD16_eabi.lib : cpy_tbl.obj (.text)
                  00000e30    00000048     driverlib.lib : gpio.obj (.text:GPIOPinConfigure)
                  00000e78    00000048                   : sysctl.obj (.text:_SysCtlFrequencyGet)
                  00000ec0    00000044     rtsv7M4_T_le_v4SPD16_eabi.lib : fd_tou_t2.obj (.text)
                  00000f04    00000038     driverlib.lib : sysctl.obj (.text:SysCtlPeripheralReady)
                  00000f3c    00000034                   : interrupt.obj (.text:IntRegister)
                  00000f70    00000034                   : sysctl.obj (.text:SysCtlPeripheralEnable)
                  00000fa4    0000002a                   : gpio.obj (.text:GPIODirModeSet)
                  00000fce    00000002     startup_ccs.obj (.text:FaultISR)
                  00000fd0    00000020     driverlib.lib : sysctl.obj (.text:_SysCtlMemTimingGet)
                  00000ff0    00000020     rtsv7M4_T_le_v4SPD16_eabi.lib : u_tofd_t2.obj (.text)
                  00001010    0000001e     driverlib.lib : adc.obj (.text:ADCSequenceDataGet)
                  0000102e    00000018                   : adc.obj (.text:ADCClockConfigSet)
                  00001046    00000018                   : adc.obj (.text:ADCIntRegister)
                  0000105e    00000002     startup_ccs.obj (.text:IntDefaultHandler)
                  00001060    00000018     rtsv7M4_T_le_v4SPD16_eabi.lib : args_main.obj (.text)
                  00001078    00000014     driverlib.lib : adc.obj (.text:ADCIntStatusEx)
                  0000108c    00000014     rtsv7M4_T_le_v4SPD16_eabi.lib : _lock.obj (.text)
                  000010a0    00000012     driverlib.lib : gpio.obj (.text:GPIOPinTypeADC)
                  000010b2    00000012                   : gpio.obj (.text:GPIOPinTypePWM)
                  000010c4    00000012                   : timer.obj (.text:TimerLoadSet)
                  000010d6    00000012                   : timer.obj (.text:TimerMatchSet)
                  000010e8    0000000e                   : adc.obj (.text:ADCSequenceEnable)
                  000010f6    0000000e                   : timer.obj (.text:TimerEnable)
                  00001104    0000000e     rtsv7M4_T_le_v4SPD16_eabi.lib : copy_decompress_none.obj (.text:decompress:none)
                  00001112    0000000c                                   : copy_zero_init.obj (.text:decompress:ZI)
                  0000111e    00000008     driverlib.lib : adc.obj (.text:ADCIntEnableEx)
                  00001126    00000006     startup_ccs.obj (.text:ResetISR)
                  0000112c    00000006     driverlib.lib : timer.obj (.text:TimerClockSourceSet)
                  00001132    00000004                   : adc.obj (.text:ADCIntClearEx)
                  00001136    00000004     rtsv7M4_T_le_v4SPD16_eabi.lib : pre_init.obj (.text)
                  0000113a    00000002     startup_ccs.obj (.text:NmiSR)
                  0000113c    00000002     rtsv7M4_T_le_v4SPD16_eabi.lib : mpu_init.obj (.text)
                  0000113e    00000002                                   : startup.obj (.text)

.const     0    00001140    00000354     
                  00001140    000001b0     driverlib.lib : sysctl.obj (.const:g_pppui32XTALtoVCO)
                  000012f0    00000090                   : gpio.obj (.const:g_pui32GPIOBaseAddrs)
                  00001380    00000070                   : interrupt.obj (.const)
                  000013f0    0000006c                   : sysctl.obj (.const:g_pui32Xtals)
                  0000145c    00000030                   : sysctl.obj (.const:g_sXTALtoMEMTIM)
                  0000148c    00000008                   : sysctl.obj (.const)

.cinit     0    00001498    00000050     
                  00001498    00000018     (.cinit..data.load) [load image, compression = lzss]
                  000014b0    0000000c     (__TI_handler_table)
                  000014bc    00000004     --HOLE-- [fill = 0]
                  000014c0    00000008     (.cinit..bss.load) [load image, compression = zero_init]
                  000014c8    00000008     (.cinit..vtable.load) [load image, compression = zero_init]
                  000014d0    00000018     (__TI_cinit_table)

.init_array 
*          0    00000000    00000000     UNINITIALIZED

.vtable    0    20000000    0000026c     UNINITIALIZED
                  20000000    0000026c     driverlib.lib : interrupt.obj (.vtable)

.stack     0    2000026c    00000100     UNINITIALIZED
                  2000026c    00000100     --HOLE--

.bss       0    2000036c    00000024     UNINITIALIZED
                  2000036c    00000020     (.common:valor)
                  2000038c    00000004     (.common:ui32SysClock)

.data      0    20000390    00000024     UNINITIALIZED
                  20000390    0000000c     rtsv7M4_T_le_v4SPD16_eabi.lib : exit.obj (.data:$O1$$)
                  2000039c    0000000c     project0.obj (.data)
                  200003a8    00000008     rtsv7M4_T_le_v4SPD16_eabi.lib : _lock.obj (.data:$O1$$)
                  200003b0    00000004                                   : stkdepth_vars.obj (.data)

MODULE SUMMARY

       Module                     code   ro data   rw data
       ------                     ----   -------   -------
    .\
       startup_ccs.obj            12     512       0      
       project0.obj               432    0         48     
    +--+--------------------------+------+---------+---------+
       Total:                     444    512       48     
                                                          
    C:/ti/TivaWare_C_Series-2.1.4.178/driverlib/ccs/Debug/driverlib.lib
       sysctl.obj                 724    596       0      
       interrupt.obj              156    112       620    
       gpio.obj                   456    144       0      
       adc.obj                    406    0         0      
       timer.obj                  240    0         0      
    +--+--------------------------+------+---------+---------+
       Total:                     1982   852       620    
                                                          
    C:\ti\ccsv7\tools\compiler\ti-cgt-arm_16.9.6.LTS\lib\rtsv7M4_T_le_v4SPD16_eabi.lib
       fd_div_t2.obj              310    0         0      
       fd_mul_t2.obj              252    0         0      
       memcpy_t2.obj              156    0         0      
       memset_t2.obj              122    0         0      
       autoinit.obj               112    0         0      
       copy_decompress_lzss.obj   104    0         0      
       exit.obj                   84     0         12     
       boot.obj                   84     0         0      
       cpy_tbl.obj                76     0         0      
       fd_tou_t2.obj              68     0         0      
       u_tofd_t2.obj              32     0         0      
       _lock.obj                  20     0         8      
       args_main.obj              24     0         0      
       copy_decompress_none.obj   14     0         0      
       copy_zero_init.obj         12     0         0      
       pre_init.obj               4      0         0      
       stkdepth_vars.obj          0      0         4      
       mpu_init.obj               2      0         0      
       startup.obj                2      0         0      
    +--+--------------------------+------+---------+---------+
       Total:                     1478   0         24     
                                                          
       Stack:                     0      0         256    
       Linker Generated:          0      76        0      
    +--+--------------------------+------+---------+---------+
       Grand Total:               3904   1440      948    


LINKER GENERATED COPY TABLES

__TI_cinit_table @ 000014d0 records: 3, size/record: 8, table size: 24
	.data: load addr=00001498, load size=00000018 bytes, run addr=20000390, run size=00000024 bytes, compression=lzss
	.bss: load addr=000014c0, load size=00000008 bytes, run addr=2000036c, run size=00000024 bytes, compression=zero_init
	.vtable: load addr=000014c8, load size=00000008 bytes, run addr=20000000, run size=0000026c bytes, compression=zero_init


LINKER GENERATED HANDLER TABLE

__TI_handler_table @ 000014b0 records: 3, size/record: 4, table size: 12
	index: 0, handler: __TI_zero_init
	index: 1, handler: __TI_decompress_lzss
	index: 2, handler: __TI_decompress_none


GLOBAL SYMBOLS: SORTED ALPHABETICALLY BY Name 

address   name                           
-------   ----                           
0000102f  ADCClockConfigSet              
00001133  ADCIntClearEx                  
0000111f  ADCIntEnableEx                 
00001047  ADCIntRegister                 
00001079  ADCIntStatusEx                 
00000d45  ADCSequenceConfigure           
00001011  ADCSequenceDataGet             
000010e9  ADCSequenceEnable              
000009b1  ADCSequenceStepConfigure       
00000cf1  C$$EXIT                        
00000fa5  GPIODirModeSet                 
00000537  GPIOPadConfigSet               
00000e31  GPIOPinConfigure               
000010a1  GPIOPinTypeADC                 
000010b3  GPIOPinTypePWM                 
00000b15  IntEnable                      
00000f3d  IntRegister                    
00001127  ResetISR                       
UNDEFED   SHT$$INIT_ARRAY$$Base          
UNDEFED   SHT$$INIT_ARRAY$$Limit         
00000201  SysCtlClockFreqSet             
00000f71  SysCtlPeripheralEnable         
00000f05  SysCtlPeripheralReady          
0000112d  TimerClockSourceSet            
00000be5  TimerConfigure                 
00000c45  TimerControlTrigger            
000010f7  TimerEnable                    
000010c5  TimerLoadSet                   
000010d7  TimerMatchSet                  
2000036c  __STACK_END                    
00000100  __STACK_SIZE                   
2000036c  __STACK_TOP                    
000014d0  __TI_CINIT_Base                
000014e8  __TI_CINIT_Limit               
000014b0  __TI_Handler_Table_Base        
000014bc  __TI_Handler_Table_Limit       
00000aa5  __TI_auto_init                 
20000390  __TI_cleanup_ptr               
00000b7d  __TI_decompress_lzss           
00001105  __TI_decompress_none           
20000394  __TI_dtors_ptr                 
20000398  __TI_enable_exit_profile_output
ffffffff  __TI_pprof_out_hndl            
ffffffff  __TI_prof_data_size            
ffffffff  __TI_prof_data_start           
00000000  __TI_static_base__             
00001113  __TI_zero_init                 
00000ec1  __aeabi_d2uiz                  
00000401  __aeabi_ddiv                   
0000078d  __aeabi_dmul                   
00000a2b  __aeabi_memclr                 
00000a2b  __aeabi_memclr4                
00000a2b  __aeabi_memclr8                
00000889  __aeabi_memcpy                 
00000889  __aeabi_memcpy4                
00000889  __aeabi_memcpy8                
00000a2d  __aeabi_memset                 
00000a2d  __aeabi_memset4                
00000a2d  __aeabi_memset8                
00000ff1  __aeabi_ui2d                   
ffffffff  __binit__                      
ffffffff  __c_args__                     
0000113d  __mpu_init                     
2000026c  __stack                        
00001061  _args_main                     
00000c9d  _c_int00                       
200003a8  _lock                          
0000109b  _nop                           
00001093  _register_lock                 
0000108d  _register_unlock               
0000113f  _system_post_cinit             
00001137  _system_pre_init               
200003ac  _unlock                        
00000cf5  abort                          
ffffffff  binit                          
00000925  call_adc                       
200003a4  cont                           
00000de5  copy_in                        
200003a0  duty_c                         
00000cfd  exit                           
2000039c  freq                           
20000000  g_pfnRAMVectors                
00000000  g_pfnVectors                   
00000669  main                           
200003b0  main_func_sp                   
00000889  memcpy                         
00000a33  memset                         
2000038c  ui32SysClock                   
2000036c  valor                          


GLOBAL SYMBOLS: SORTED BY Symbol Address 

address   name                           
-------   ----                           
00000000  __TI_static_base__             
00000000  g_pfnVectors                   
00000100  __STACK_SIZE                   
00000201  SysCtlClockFreqSet             
00000401  __aeabi_ddiv                   
00000537  GPIOPadConfigSet               
00000669  main                           
0000078d  __aeabi_dmul                   
00000889  __aeabi_memcpy                 
00000889  __aeabi_memcpy4                
00000889  __aeabi_memcpy8                
00000889  memcpy                         
00000925  call_adc                       
000009b1  ADCSequenceStepConfigure       
00000a2b  __aeabi_memclr                 
00000a2b  __aeabi_memclr4                
00000a2b  __aeabi_memclr8                
00000a2d  __aeabi_memset                 
00000a2d  __aeabi_memset4                
00000a2d  __aeabi_memset8                
00000a33  memset                         
00000aa5  __TI_auto_init                 
00000b15  IntEnable                      
00000b7d  __TI_decompress_lzss           
00000be5  TimerConfigure                 
00000c45  TimerControlTrigger            
00000c9d  _c_int00                       
00000cf1  C$$EXIT                        
00000cf5  abort                          
00000cfd  exit                           
00000d45  ADCSequenceConfigure           
00000de5  copy_in                        
00000e31  GPIOPinConfigure               
00000ec1  __aeabi_d2uiz                  
00000f05  SysCtlPeripheralReady          
00000f3d  IntRegister                    
00000f71  SysCtlPeripheralEnable         
00000fa5  GPIODirModeSet                 
00000ff1  __aeabi_ui2d                   
00001011  ADCSequenceDataGet             
0000102f  ADCClockConfigSet              
00001047  ADCIntRegister                 
00001061  _args_main                     
00001079  ADCIntStatusEx                 
0000108d  _register_unlock               
00001093  _register_lock                 
0000109b  _nop                           
000010a1  GPIOPinTypeADC                 
000010b3  GPIOPinTypePWM                 
000010c5  TimerLoadSet                   
000010d7  TimerMatchSet                  
000010e9  ADCSequenceEnable              
000010f7  TimerEnable                    
00001105  __TI_decompress_none           
00001113  __TI_zero_init                 
0000111f  ADCIntEnableEx                 
00001127  ResetISR                       
0000112d  TimerClockSourceSet            
00001133  ADCIntClearEx                  
00001137  _system_pre_init               
0000113d  __mpu_init                     
0000113f  _system_post_cinit             
000014b0  __TI_Handler_Table_Base        
000014bc  __TI_Handler_Table_Limit       
000014d0  __TI_CINIT_Base                
000014e8  __TI_CINIT_Limit               
20000000  g_pfnRAMVectors                
2000026c  __stack                        
2000036c  __STACK_END                    
2000036c  __STACK_TOP                    
2000036c  valor                          
2000038c  ui32SysClock                   
20000390  __TI_cleanup_ptr               
20000394  __TI_dtors_ptr                 
20000398  __TI_enable_exit_profile_output
2000039c  freq                           
200003a0  duty_c                         
200003a4  cont                           
200003a8  _lock                          
200003ac  _unlock                        
200003b0  main_func_sp                   
ffffffff  __TI_pprof_out_hndl            
ffffffff  __TI_prof_data_size            
ffffffff  __TI_prof_data_start           
ffffffff  __binit__                      
ffffffff  __c_args__                     
ffffffff  binit                          
UNDEFED   SHT$$INIT_ARRAY$$Base          
UNDEFED   SHT$$INIT_ARRAY$$Limit         

[89 symbols]
